== drill_04_snapshot_patterns | huggingface_hub 2.0.0 | token_present=False | HF_TOKEN env set=False
temp cache_dir: /tmp/hf-drill04-kwva8gc1
allow_patterns: ['config.json', 'tokenizer.json', 'tokenizer_config.json', 'special_tokens_map.json', 'vocab.txt', 'modules.json', 'sentence_bert_config.json', 'config_sentence_transformers.json', 'README.md']
Fetching 9 files:   0%|          | 0/9 [00:00<?, ?it/s]Warning: You are sending unauthenticated requests to the HF Hub. Please set a HF_TOKEN to enable higher rate limits and faster downloads.
Fetching 9 files:  11%|█         | 1/9 [00:00<00:02,  3.89it/s]Fetching 9 files:  22%|██▏       | 2/9 [00:00<00:01,  4.61it/s]Fetching 9 files:  89%|████████▉ | 8/9 [00:00<00:00, 18.46it/s]Fetching 9 files: 100%|██████████| 9/9 [00:01<00:00,  6.19it/s]
snapshot path : /tmp/hf-drill04-kwva8gc1/models--sentence-transformers--all-MiniLM-L6-v2/snapshots/1110a243fdf4706b3f48f1d95db1a4f5529b4d41
cache layout:
hf-drill04-kwva8gc1/
  CACHEDIR.TAG  (191 B)
  .locks/
    models--sentence-transformers--all-MiniLM-L6-v2/
      44af2e3b0fa3a0b6239e48422972bf755f28fde0.lock  (0 B)
      59d594003bf59880a884c574bf88ef7555bb0202.lock  (0 B)
      72b987fd805cfa2b58c4c8c952b274a11bfd5a00.lock  (0 B)
      952a9b81c0bfd99800fabf352f69c7ccd46c5e43.lock  (0 B)
      c79f2b6a0cea6f4b564fed1938984bace9d30ff0.lock  (0 B)
      cb202bfe2e3c98645018a6d12f182a434c9d3e02.lock  (0 B)
      e7b0375001f109a6b8873d756ad4f7bbb15fbaa5.lock  (0 B)
      fb140275c155a9c7c5a3b3e0e77a9e839594a938.lock  (0 B)
      fd1b291129c607e5d49799f87cb219b27f98acdf.lock  (0 B)
  models--sentence-transformers--all-MiniLM-L6-v2/
    blobs/
      44af2e3b0fa3a0b6239e48422972bf755f28fde0  (10502 B)
      59d594003bf59880a884c574bf88ef7555bb0202  (53 B)
      72b987fd805cfa2b58c4c8c952b274a11bfd5a00  (612 B)
      952a9b81c0bfd99800fabf352f69c7ccd46c5e43  (349 B)
      c79f2b6a0cea6f4b564fed1938984bace9d30ff0  (350 B)
      cb202bfe2e3c98645018a6d12f182a434c9d3e02  (466247 B)
      e7b0375001f109a6b8873d756ad4f7bbb15fbaa5  (112 B)
      fb140275c155a9c7c5a3b3e0e77a9e839594a938  (231508 B)
      fd1b291129c607e5d49799f87cb219b27f98acdf  (116 B)
    snapshots/
      1110a243fdf4706b3f48f1d95db1a4f5529b4d41/
        README.md -> ../../blobs/44af2e3b0fa3a0b6239e48422972bf755f28fde0
        config.json -> ../../blobs/72b987fd805cfa2b58c4c8c952b274a11bfd5a00
        config_sentence_transformers.json -> ../../blobs/fd1b291129c607e5d49799f87cb219b27f98acdf
        modules.json -> ../../blobs/952a9b81c0bfd99800fabf352f69c7ccd46c5e43
        sentence_bert_config.json -> ../../blobs/59d594003bf59880a884c574bf88ef7555bb0202
        special_tokens_map.json -> ../../blobs/e7b0375001f109a6b8873d756ad4f7bbb15fbaa5
        tokenizer.json -> ../../blobs/cb202bfe2e3c98645018a6d12f182a434c9d3e02
        tokenizer_config.json -> ../../blobs/c79f2b6a0cea6f4b564fed1938984bace9d30ff0
        vocab.txt -> ../../blobs/fb140275c155a9c7c5a3b3e0e77a9e839594a938
    trees/
      1110a243fdf4706b3f48f1d95db1a4f5529b4d41.json  (6230 B)
scan_cache_dir: model sentence-transformers/all-MiniLM-L6-v2 size_on_disk=709849 revisions=['1110a243fdf4706b3f48f1d95db1a4f5529b4d41'] files=9
total blob bytes: 716270 (0.72 MB); weight files: []
RESULT: PASS
exit_code=0
